// Jest Snapshot v1, https://goo.gl/fbAQLP

exports[`NoteListMain component renders a .NoteListMain by default 1`] = `
<BrowserRouter>
  <Router
    history={
      Object {
        "action": "POP",
        "block": [Function],
        "createHref": [Function],
        "go": [Function],
        "goBack": [Function],
        "goForward": [Function],
        "length": 1,
        "listen": [Function],
        "location": Object {
          "hash": "",
          "pathname": "/",
          "search": "",
          "state": undefined,
        },
        "push": [Function],
        "replace": [Function],
      }
    }
  >
    <NoteListMain
      notes={Array []}
    >
      <section
        className="NoteListMain"
      >
        <ul />
        <div
          className="NoteListMain__button-container"
        >
          <NavCircleButton
            className="NoteListMain__add-note-button"
            tag={[Function]}
            to="/add-note"
            type="button"
          >
            <Link
              className="NavCircleButton NoteListMain__add-note-button"
              replace={false}
              to="/add-note"
              type="button"
            >
              <a
                className="NavCircleButton NoteListMain__add-note-button"
                href="/add-note"
                onClick={[Function]}
                type="button"
              >
                <FontAwesomeIcon
                  border={false}
                  className=""
                  fixedWidth={false}
                  flip={null}
                  icon="plus"
                  inverse={false}
                  listItem={false}
                  mask={null}
                  pull={null}
                  pulse={false}
                  rotation={null}
                  size={null}
                  spin={false}
                  symbol={false}
                  title=""
                  transform={null}
                />
                <br />
                Note
              </a>
            </Link>
          </NavCircleButton>
        </div>
      </section>
    </NoteListMain>
  </Router>
</BrowserRouter>
`;

exports[`NoteListMain component renders a Note in ul for each notes in array 1`] = `<ul />`;
