// Jest Snapshot v1, https://goo.gl/fbAQLP

exports[`NoteListNav component renders a .NoteListNav by default 1`] = `
<BrowserRouter>
  <Router
    history={
      Object {
        "action": "POP",
        "block": [Function],
        "createHref": [Function],
        "go": [Function],
        "goBack": [Function],
        "goForward": [Function],
        "length": 1,
        "listen": [Function],
        "location": Object {
          "hash": "",
          "pathname": "/",
          "search": "",
          "state": undefined,
        },
        "push": [Function],
        "replace": [Function],
      }
    }
  >
    <NoteListNav
      folders={Array []}
    >
      <div
        className="NoteListNav"
      >
        <ul
          className="NoteListNav__list"
        />
        <div
          className="NoteListNav__button-wrapper"
        >
          <NavCircleButton
            className="NoteListNav__add-folder-button"
            tag={[Function]}
            to="/add-folder"
            type="button"
          >
            <Link
              className="NavCircleButton NoteListNav__add-folder-button"
              replace={false}
              to="/add-folder"
              type="button"
            >
              <a
                className="NavCircleButton NoteListNav__add-folder-button"
                href="/add-folder"
                onClick={[Function]}
                type="button"
              >
                <FontAwesomeIcon
                  border={false}
                  className=""
                  fixedWidth={false}
                  flip={null}
                  icon="plus"
                  inverse={false}
                  listItem={false}
                  mask={null}
                  pull={null}
                  pulse={false}
                  rotation={null}
                  size={null}
                  spin={false}
                  symbol={false}
                  title=""
                  transform={null}
                />
                <br />
                Folder
              </a>
            </Link>
          </NavCircleButton>
        </div>
      </div>
    </NoteListNav>
  </Router>
</BrowserRouter>
`;

exports[`NoteListNav component renders a link in ul for each folder in array 1`] = `
<ul
  className="NoteListNav__list"
/>
`;
